INFO:     Started server process [84987]
INFO:     Waiting for application startup.
INFO:     Application startup complete.
INFO:     Uvicorn running on http://127.0.0.1:8000 (Press CTRL+C to quit)
[startup] Initializing database...
[startup] Database ready.
[serial_service] Connection failed: [Errno 2] could not open port /dev/ttyACM0: [Errno 2] No such file or directory: '/dev/ttyACM0'
[startup] Serial listener started.
INFO:     127.0.0.1:36072 - "GET /api/status?vault_id=2 HTTP/1.1" 200 OK
INFO:     127.0.0.1:36082 - "POST /api/init HTTP/1.1" 500 Internal Server Error
ERROR:    Exception in ASGI application
Traceback (most recent call last):
  File "/home/kbell/Documents/Codes/Projects/Password-Manager/Mk2/venv/lib/python3.12/site-packages/uvicorn/protocols/http/httptools_impl.py", line 421, in run_asgi
    result = await app(  # type: ignore[func-returns-value]
             ^^^^^^^^^^^^^^^^^^^^^^^^^^^^^^^^^^^^^^^^^^^^^^
  File "/home/kbell/Documents/Codes/Projects/Password-Manager/Mk2/venv/lib/python3.12/site-packages/uvicorn/middleware/proxy_headers.py", line 56, in __call__
    return await self.app(scope, receive, send)
           ^^^^^^^^^^^^^^^^^^^^^^^^^^^^^^^^^^^^
  File "/home/kbell/Documents/Codes/Projects/Password-Manager/Mk2/venv/lib/python3.12/site-packages/fastapi/applications.py", line 1159, in __call__
    await super().__call__(scope, receive, send)
  File "/home/kbell/Documents/Codes/Projects/Password-Manager/Mk2/venv/lib/python3.12/site-packages/starlette/applications.py", line 90, in __call__
    await self.middleware_stack(scope, receive, send)
  File "/home/kbell/Documents/Codes/Projects/Password-Manager/Mk2/venv/lib/python3.12/site-packages/starlette/middleware/errors.py", line 186, in __call__
    raise exc
  File "/home/kbell/Documents/Codes/Projects/Password-Manager/Mk2/venv/lib/python3.12/site-packages/starlette/middleware/errors.py", line 164, in __call__
    await self.app(scope, receive, _send)
  File "/home/kbell/Documents/Codes/Projects/Password-Manager/Mk2/venv/lib/python3.12/site-packages/starlette/middleware/exceptions.py", line 63, in __call__
    await wrap_app_handling_exceptions(self.app, conn)(scope, receive, send)
  File "/home/kbell/Documents/Codes/Projects/Password-Manager/Mk2/venv/lib/python3.12/site-packages/starlette/_exception_handler.py", line 53, in wrapped_app
    raise exc
  File "/home/kbell/Documents/Codes/Projects/Password-Manager/Mk2/venv/lib/python3.12/site-packages/starlette/_exception_handler.py", line 42, in wrapped_app
    await app(scope, receive, sender)
  File "/home/kbell/Documents/Codes/Projects/Password-Manager/Mk2/venv/lib/python3.12/site-packages/fastapi/middleware/asyncexitstack.py", line 18, in __call__
    await self.app(scope, receive, send)
  File "/home/kbell/Documents/Codes/Projects/Password-Manager/Mk2/venv/lib/python3.12/site-packages/starlette/routing.py", line 660, in __call__
    await self.middleware_stack(scope, receive, send)
  File "/home/kbell/Documents/Codes/Projects/Password-Manager/Mk2/venv/lib/python3.12/site-packages/starlette/routing.py", line 680, in app
    await route.handle(scope, receive, send)
  File "/home/kbell/Documents/Codes/Projects/Password-Manager/Mk2/venv/lib/python3.12/site-packages/starlette/routing.py", line 276, in handle
    await self.app(scope, receive, send)
  File "/home/kbell/Documents/Codes/Projects/Password-Manager/Mk2/venv/lib/python3.12/site-packages/fastapi/routing.py", line 134, in app
    await wrap_app_handling_exceptions(app, request)(scope, receive, send)
  File "/home/kbell/Documents/Codes/Projects/Password-Manager/Mk2/venv/lib/python3.12/site-packages/starlette/_exception_handler.py", line 53, in wrapped_app
    raise exc
  File "/home/kbell/Documents/Codes/Projects/Password-Manager/Mk2/venv/lib/python3.12/site-packages/starlette/_exception_handler.py", line 42, in wrapped_app
    await app(scope, receive, sender)
  File "/home/kbell/Documents/Codes/Projects/Password-Manager/Mk2/venv/lib/python3.12/site-packages/fastapi/routing.py", line 120, in app
    response = await f(request)
               ^^^^^^^^^^^^^^^^
  File "/home/kbell/Documents/Codes/Projects/Password-Manager/Mk2/venv/lib/python3.12/site-packages/fastapi/routing.py", line 674, in app
    raw_response = await run_endpoint_function(
                   ^^^^^^^^^^^^^^^^^^^^^^^^^^^^
  File "/home/kbell/Documents/Codes/Projects/Password-Manager/Mk2/venv/lib/python3.12/site-packages/fastapi/routing.py", line 328, in run_endpoint_function
    return await dependant.call(**values)
           ^^^^^^^^^^^^^^^^^^^^^^^^^^^^^^
  File "/home/kbell/Documents/Codes/Projects/Password-Manager/Mk2/app/routes.py", line 86, in init_vault
    result = auth.initialize_vault(
             ^^^^^^^^^^^^^^^^^^^^^^
  File "/home/kbell/Documents/Codes/Projects/Password-Manager/Mk2/app/auth.py", line 48, in initialize_vault
    user_id = database.create_user(username)
              ^^^^^^^^^^^^^^^^^^^^^^^^^^^^^^
TypeError: create_user() missing 1 required positional argument: 'display_name'
INFO:     127.0.0.1:36072 - "GET /api/status?vault_id=2 HTTP/1.1" 200 OK
INFO:     Shutting down
INFO:     Waiting for application shutdown.
INFO:     Application shutdown complete.
INFO:     Finished server process [84987]
